// Jest Snapshot v1, https://goo.gl/fbAQLP

exports[`Component AppRoot renders without crashing 1`] = `<DocumentFragment />`;
